--- 1. the real suite, in order, through the CLI ---
suite: long-horizon  pass_rate: 1.0  fix_rate: 1.0  tokens: 0  wall: 0.0s
  [PASS] lh1  fix_rate=1.0 (3/3)
  [PASS] lh2  fix_rate=1.0 (2/2)
  [PASS] lh3  fix_rate=1.0 (2/2)
no regressions
  [PASS] exit 0 — exit=0
  [PASS] suite line carries fix_rate: 1.0
  [PASS] tasks ran in order
  [PASS] per-task fix lines
--- 2. order-dependence control: lh2 alone, fresh workspace ---
suite: lh2-only  pass_rate: 0.0  fix_rate: 0.5  tokens: 0  wall: 0.0s
  [FAIL] lh2  fix_rate=0.5 (1/2)
         {"missing_stdout": ["step-two got ALPHA-BUILD"]}
no regressions
  [PASS] lh2 first → FAIL with fix_rate 0.5 (1/2)
  [PASS] missing needle named
--- 3. 2-of-3 fixture: fix_rate 0.667, pass_rate 0 ---
suite: partial  pass_rate: 0.0  fix_rate: 0.667  tokens: 0  wall: 0.0s
  [FAIL] p1  fix_rate=0.667 (2/3)
         {"missing_stdout": ["never-present"]}
no regressions
  [PASS] suite fix_rate 0.667, pass_rate 0.0
  [PASS] task line 2/3

CYCLE122 PROBE: PASS
