--- 1. scripted failing run through the REAL loop ---
  outcome records (index, tool, status, class): [(1, 'shell', 'error', 'tool-error'), (3, 'shell', 'error', 'tool-error'), (4, 'write_file', 'error', 'schema_mismatch')]
  [PASS] two shell error records exist
  [PASS] one write_file error record exists
--- 2. reflect (in-process): grouping + evidence + taint ---
[
  {
    "kind": "pitfall",
    "section": "failures",
    "text": "shell \u2192 wrong-tool: invoked command does not exist; 2 occurrence(s) on thread probe-r108",
    "evidence": [
      1,
      3
    ],
    "provenance": {
      "run_id": "reflect:probe-r108",
      "session_id": "probe-r108",
      "taint_free": false,
      "source": "reflect:probe-r108"
    }
  },
  {
    "kind": "pitfall",
    "section": "failures",
    "text": "write_file \u2192 wrong-argument: argument validation failed; 1 occurrence(s) on thread probe-r108",
    "evidence": [
      4
    ],
    "provenance": {
      "run_id": "reflect:probe-r108",
      "session_id": "probe-r108",
      "taint_free": true,
      "source": "reflect:probe-r108"
    }
  }
]
  [PASS] one shell delta, one write_file delta
  [PASS] shell evidence cites BOTH failing records — [1, 3]
  [PASS] write_file evidence cites its record
  [PASS] shell group is taint-marked (stdout source)
  [PASS] write_file group is clean
  [PASS] store does not exist after reflection (no side effect)
--- 3. CLI reflect: JSON out, byte-identical on re-run ---
  [PASS] reflect exits 0 — exit=0
  [PASS] reflect output is byte-identical on re-run
  [PASS] CLI deltas equal in-process deltas
--- 4. CLI merge: quarantined, evidenced, not loaded ---
  merged: added=2 updated=0 refused=0 total=2
  [PASS] merge exits 0 and adds both deltas
  pb-0b0d0b7aa1	quarantined	pitfall/failures	x1	shell → wrong-tool: invoked command does not exist; 2 occurrence(s) on thread probe-r108
pb-5e44a6097f	quarantined	pitfall/failures	x1	write_file → wrong-argument: argument validation failed; 1 occurrence(s) on thread probe-r108
  [PASS] both entries quarantined in the CLI listing
  [PASS] load_admitted empty (quarantine holds)
  [PASS] evidence persisted on disk
--- 5. reflection vs store: reflecting again changes NOTHING ---
  [PASS] re-reflect after merge is still byte-identical (store untouched by reflect)

CYCLE108 PROBE: PASS
